Godot Engine v4.7.2.stable.steam.ed1daf0bf - https://godotengine.org
D3D12 12_0 - Forward+ - Using Device #0: AMD - AMD Radeon(TM) Graphics

INT-01 OK: 中央旧技术 Panel 已移出
INT-01 OK: 左中右直播区域存在
INT-01 OK: 中央弹幕区域可见且有尺寸
INT-01 OK: 开局真实普通批次生成
INT-01 OK: 普通生成成功数同步评论
INT-01 OK: 普通弹幕持续移动
INT-01 OK: 普通弹幕持续生成
INT-01 OK: 真实回拉按帧降低 PK
INT-01 OK: Comment HUD 自动刷新
INT-01 OK: 暂停冻结普通生成 Timer
INT-01 OK: 真实鼠标事件移动准心
INT-01 OK: 左键按住实际推进蓄力
INT-01 OK: 真实蓄力显示进度
INT-01 OK: 未满释放取消且未生成攻击
INT-01 OK: 正式配置蓄力达到 100%
INT-01 OK: 满蓄产生唯一一发并实际提交
INT-01 OK: 快照包含准心罩住的真实普通弹幕
INT-01 OK: 正常结算结束对应弹幕
INT-01 OK: 普通强度 1 命中真实增加 PK
INT-01 OK: 可见 PK Bar 读取真实 PK
INT-01 OK: 普通命中仅增加本场倾向
INT-01 OK: 此前已提交倾向保持
INT-01 OK: 普通命中收益实际触发 Tier 上升
INT-01 OK: 普通命中计划使用结算后 Tier 数量
INT-01 OK: 复读计划保留原句和最终 Tier
INT-01 OK: 复读等待位于 0.5～3 秒配置
INT-01 OK: 复读计划保留原句和最终 Tier
INT-01 OK: 复读等待位于 0.5～3 秒配置
INT-01 OK: 复读计划保留原句和最终 Tier
INT-01 OK: 复读等待位于 0.5～3 秒配置
INT-01 OK: 复读计划保留原句和最终 Tier
INT-01 OK: 复读等待位于 0.5～3 秒配置
INT-01 OK: 复读计划保留原句和最终 Tier
INT-01 OK: 复读等待位于 0.5～3 秒配置
INT-01 OK: 复读计划保留原句和最终 Tier
INT-01 OK: 复读等待位于 0.5～3 秒配置
INT-01 OK: 延迟结束后复读实际出现在场上
INT-01 OK: 复读统计只记录实际生成
INT-01 OK: 复读生成同步评论计数
INT-01 OK: 正式配置蓄力达到 100%
INT-01 OK: 复读可从真实输入链命中
INT-01 OK: 复读真实实例进入释放快照
INT-01 OK: 复读到达被结算为有效复读命中
INT-01 OK: 命中的复读实例真实结束
INT-01 OK: 复读命中 PK 与倾向均为零收益
INT-01 OK: 复读命中不写普通历史或递归入队
INT-01 OK: PK 更新同步跨档到 Tier 3
INT-01 OK: 中央顶部同步显示当前 Tier
INT-01 OK: Tier 同步真实回拉倍率
INT-01 OK: 新弹幕使用 Tier 移动倍率
INT-01 OK: 新弹幕使用 Tier 寿命倍率
INT-01 OK: 既有弹幕保留生成时速度与寿命
INT-01 OK: Tier 真实影响批次数量
INT-01 OK: Tier 真实影响后续生成间隔
INT-01 OK: 新频率下后续批次实际生成
INT-01 OK: 真实回拉跨降档阈值后 Tier 下降
INT-01 OK: 暂停冻结蓄力
INT-01 OK: 暂停冻结弹幕移动和回拉
INT-01 OK: 恢复继续蓄力与回拉
INT-01 OK: 恢复补偿弹幕暂停寿命
INT-01 OK: 暂停冻结飞行且没有到达结算
INT-01 OK: 恢复后飞行完成真实结算
INT-01 OK: 暂停冻结硬直
INT-01 OK: 暂停冻结普通复读等待
INT-01 OK: 恢复后硬直完成并重新可攻击
INT-01 OK: 正式配置蓄力达到 100%
INT-01 OK: 失败前存在本场倾向与待复读
INT-01 OK: PK 归零进入真实失败状态
INT-01 OK: 失败遮罩可见
INT-01 OK: 失败回滚倾向并清空待复读
INT-01 OK: 失败停止生成与攻击并清场
INT-01 OK: 重开恢复初始 PK 和 Tier 0
INT-01 OK: 重开恢复 READY 并重置本场暂存
INT-01 OK: 重开保留同一周目及当前关对象
INT-01 OK: 重开保留已提交周目成果
INT-01 OK: 重开直播表现归零后只计新开局实际评论
INT-01 OK: 重开保留连败次数并清除本场失败标记
INT-01 OK: 重开后真实回拉恢复
INT-01 OK: 正式配置蓄力达到 100%
INT-01 OK: 真实普通命中使 PK 满值并停止普通战斗
INT-01 OK: 满值只进入一次矛盾阶段
INT-01 OK: 当前关真假矛盾进入真实弹幕区域
INT-01 OK: 矛盾弹幕使用 Paradox 速度倍率
INT-01 OK: 矛盾弹幕寿命使用 10 秒窗口
INT-01 OK: 矛盾批次使用 Paradox 频率倍率
INT-01 OK: 满值这一发仍保留倾向与普通命中历史
INT-01 OK: 满值清理旧攻击并开放矛盾阶段蓄力
INT-01 OK: 满值保持且只生成矛盾内容
INT-01 OK: 矛盾限时窗口和一次发射机会已启动
INT-01 OK: 矛盾阶段存在可瞄准真矛盾
INT-01 OK: 正式配置蓄力达到 100%
INT-01 OK: 矛盾在释放同帧判定，不等待飞行到达
INT-01 OK: 矛盾真实发射扣机会且不提交普通 PK 或历史
INT-01 OK: 释放瞬间命中真矛盾即刻击破
INT-01 OK: 判定固定后关闭攻击并清理矛盾弹幕
INT-01 OK: 真矛盾命中创建独立矛盾复读计划
INT-01 OK: 矛盾复读真实展示并独立计数
INT-01 OK: 击破成功和静音过渡后开放神谕
INT-01 OK: 一条真实普通命中候选显示在中央主游戏区
INT-01 OK: 神谕阶段停止普通生成并清除战斗弹幕
INT-01 OK: 神谕倒计时期间对手 PK 回拉停止
INT-01 OK: 正式配置蓄力达到 100%
INT-01 OK: 普通攻击命中唯一候选并完成正式神谕确认
INT-01 OK: 神谕选择攻击不改变玩家 PK
INT-01 OK: 神谕选择攻击不追加普通命中历史
INT-01 OK: 神谕选择攻击不产生倾向收益
INT-01 OK: 神谕选择攻击不生成复读或 HitResolution 提交
INT-01 OK: 确认后停止倒计时并锁住后续攻击
INT-01 OK: 正式确认交付同一成功 Rest 对象
INT-01 OK: Rest 收起候选并读取真实已保存经文
INT-01 OK: 重开后存在可瞄准假矛盾
INT-01 OK: 正式配置蓄力达到 100%
INT-01 OK: 矛盾在释放同帧判定，不等待飞行到达
INT-01 OK: 假矛盾用尽机会后保持 PK 胜利但未击破
INT-01 OK: 假矛盾命中等待真实有限复读
INT-01 OK: 未击破交给休息入口后结束矛盾阶段
INT-01 OK: 休息阶段不再推进矛盾复读
INT-01 OK: 矛盾击破成功和静音过渡后开放 FinalOracle
INT-01 OK: 三个普通命中候选固定显示在中央主游戏区
INT01 overlap first=[P: (500.0, 174.0), S: (920.0, 176.0)] second=[P: (500.0, 364.0), S: (920.0, 176.0)] release_aim=(960.0, 353.0) targets=[156212660598, 156246214970]
INT-01 OK: 同一发快照覆盖相邻两条神谕候选
INT-01 OK: 同发命中多句时只确认准心中心最近的一句
INT-01 OK: 多目标神谕攻击不进入 HitResolution 或改变 PK
INT-01 OK: 矛盾击破成功和静音过渡后开放 FinalOracle
INT-01 OK: 全局暂停期间神谕倒计时冻结
INT-01 OK: 暂停时战斗状态栏保留剩余时间
INT-01 OK: 10 秒到期后按 FO-08 顺序自动确认正确原句
INT-01 OK: 自动确认后停表并关闭攻击选择
INT-01 OK: 超时神谕确认不提交普通命中 PK
INT-01 PASS: 128 checks, real Sandbox/InputEvent lifecycle
