Godot Engine v4.7.2.stable.steam.ed1daf0bf - https://godotengine.org

[   0% ] [90m[1mfirst_scan_filesystem[22m | Started 项目初始化 (5 steps)[39m[0m
[   0% ] [90m[1mfirst_scan_filesystem[22m | 正在扫描文件结构……[39m[0m
[  16% ] [90m[1mfirst_scan_filesystem[22m | 正在加载全局类名……[39m[0m
[  33% ] [90m[1mfirst_scan_filesystem[22m | 正在校验 GDExtension……[39m[0m
[  50% ] [90m[1mfirst_scan_filesystem[22m | 正在创建自动加载脚本……[39m[0m
[  66% ] [90m[1mfirst_scan_filesystem[22m | 正在初始化插件……[39m[0m
[  83% ] [90m[1mfirst_scan_filesystem[22m | 正在启动文件扫描……[39m[0m
[92m[ DONE ][39m [1mfirst_scan_filesystem[22m
[0m
[   0% ] [90m[1mupdate_scripts_classes[22m | Started 正在注册全局类…… (220 steps)[39m[0m
[   0% ] [90m[1mupdate_scripts_classes[22m | CliApiHandler[39m[0m
[   0% ] [90m[1mupdate_scripts_classes[22m | CliResultLimiter[39m[0m
[   0% ] [90m[1mupdate_scripts_classes[22m | MCPConfigManager[39m[0m
[   1% ] [90m[1mupdate_scripts_classes[22m | McpAuthManager[39m[0m
[   1% ] [90m[1mupdate_scripts_classes[22m | MCPDebuggerBridge[39m[0m
[   2% ] [90m[1mupdate_scripts_classes[22m | [39m[0m
[   2% ] [90m[1mupdate_scripts_classes[22m | McpHttpServer[39m[0m
[   3% ] [90m[1mupdate_scripts_classes[22m | MCPResourceManager[39m[0m
[   3% ] [90m[1mupdate_scripts_classes[22m | [39m[0m
[   4% ] [90m[1mupdate_scripts_classes[22m | MCPServerCore[39m[0m
[   4% ] [90m[1mupdate_scripts_classes[22m | McpStdioServer[39m[0m
[   4% ] [90m[1mupdate_scripts_classes[22m | MCPToolClassifier[39m[0m
[   5% ] [90m[1mupdate_scripts_classes[22m | McpTransportBase[39m[0m
[   5% ] [90m[1mupdate_scripts_classes[22m | MCPTypes[39m[0m
[   6% ] [90m[1mupdate_scripts_classes[22m | MCPSettingsManager[39m[0m
[   6% ] [90m[1mupdate_scripts_classes[22m | ToolDefinition[39m[0m
[   7% ] [90m[1mupdate_scripts_classes[22m | ToolExecutionContext[39m[0m
[   7% ] [90m[1mupdate_scripts_classes[22m | ToolExecutionResult[39m[0m
[   8% ] [90m[1mupdate_scripts_classes[22m | ToolExecutor[39m[0m
[   8% ] [90m[1mupdate_scripts_classes[22m | ToolPolicy[39m[0m
[   9% ] [90m[1mupdate_scripts_classes[22m | ToolRegistry[39m[0m
[   9% ] [90m[1mupdate_scripts_classes[22m | MCPToolStateManager[39m[0m
[   9% ] [90m[1mupdate_scripts_classes[22m | MCPTranslationManager[39m[0m
[  10% ] [90m[1mupdate_scripts_classes[22m | [39m[0m
[  10% ] [90m[1mupdate_scripts_classes[22m | DebugToolsNative[39m[0m
[  11% ] [90m[1mupdate_scripts_classes[22m | EditorToolsNative[39m[0m
[  11% ] [90m[1mupdate_scripts_classes[22m | NodeToolsNative[39m[0m
[  12% ] [90m[1mupdate_scripts_classes[22m | ProjectToolsNative[39m[0m
[  12% ] [90m[1mupdate_scripts_classes[22m | ResourceToolsNative[39m[0m
[  13% ] [90m[1mupdate_scripts_classes[22m | SceneToolsNative[39m[0m
[  13% ] [90m[1mupdate_scripts_classes[22m | ScriptToolsNative[39m[0m
[  14% ] [90m[1mupdate_scripts_classes[22m | [39m[0m
[  14% ] [90m[1mupdate_scripts_classes[22m | MCPCliInstaller[39m[0m
[  14% ] [90m[1mupdate_scripts_classes[22m | [39m[0m
[  15% ] [90m[1mupdate_scripts_classes[22m | MCPToolGroupItem[39m[0m
[  15% ] [90m[1mupdate_scripts_classes[22m | MCPToolItem[39m[0m
[  16% ] [90m[1mupdate_scripts_classes[22m | NodeUtils[39m[0m
[  16% ] [90m[1mupdate_scripts_classes[22m | PathValidator[39m[0m
[  17% ] [90m[1mupdate_scripts_classes[22m | ResourceUtils[39m[0m
[  17% ] [90m[1mupdate_scripts_classes[22m | ScriptUtils[39m[0m
[  18% ] [90m[1mupdate_scripts_classes[22m | MCPVibeCodingPolicy[39m[0m
[  18% ] [90m[1mupdate_scripts_classes[22m | [39m[0m
[  19% ] [90m[1mupdate_scripts_classes[22m | AssimilationData[39m[0m
[  19% ] [90m[1mupdate_scripts_classes[22m | AudioEvent[39m[0m
[  19% ] [90m[1mupdate_scripts_classes[22m | AudioEventConfig[39m[0m
[  20% ] [90m[1mupdate_scripts_classes[22m | [39m[0m
[  20% ] [90m[1mupdate_scripts_classes[22m | [39m[0m
[  21% ] [90m[1mupdate_scripts_classes[22m | [39m[0m
[  21% ] [90m[1mupdate_scripts_classes[22m | [39m[0m
[  22% ] [90m[1mupdate_scripts_classes[22m | [39m[0m
[  22% ] [90m[1mupdate_scripts_classes[22m | BattleAttemptFlow[39m[0m
[  23% ] [90m[1mupdate_scripts_classes[22m | CombatStage[39m[0m
[  23% ] [90m[1mupdate_scripts_classes[22m | CombatStageTierCatalog[39m[0m
[  23% ] [90m[1mupdate_scripts_classes[22m | CombatStageTierConfig[39m[0m
[  24% ] [90m[1mupdate_scripts_classes[22m | HitResolution[39m[0m
[  24% ] [90m[1mupdate_scripts_classes[22m | OpponentPKBar[39m[0m
[  25% ] [90m[1mupdate_scripts_classes[22m | ContradictionOracleFlow[39m[0m
[  25% ] [90m[1mupdate_scripts_classes[22m | [39m[0m
[  26% ] [90m[1mupdate_scripts_classes[22m | DivineDescentAssimilationInput[39m[0m
[  26% ] [90m[1mupdate_scripts_classes[22m | DivineDescentCandidateFilter[39m[0m
[  27% ] [90m[1mupdate_scripts_classes[22m | DivineDescentCombatMode[39m[0m
[  27% ] [90m[1mupdate_scripts_classes[22m | DivineDescentDecayConfig[39m[0m
[  28% ] [90m[1mupdate_scripts_classes[22m | DivineDescentEmphasis[39m[0m
[  28% ] [90m[1mupdate_scripts_classes[22m | DivineDescentFlow[39m[0m
[  28% ] [90m[1mupdate_scripts_classes[22m | DivineDescentScriptureInput[39m[0m
[  29% ] [90m[1mupdate_scripts_classes[22m | DivineDescentSession[39m[0m
[  29% ] [90m[1mupdate_scripts_classes[22m | DivineDescentSpread[39m[0m
[  30% ] [90m[1mupdate_scripts_classes[22m | EndingDisplayData[39m[0m
[  30% ] [90m[1mupdate_scripts_classes[22m | EndingIdentityResultClassifier[39m[0m
[  31% ] [90m[1mupdate_scripts_classes[22m | EndingScriptureDisplayData[39m[0m
[  31% ] [90m[1mupdate_scripts_classes[22m | EndingSession[39m[0m
[  32% ] [90m[1mupdate_scripts_classes[22m | FinalOracleCandidatePool[39m[0m
[  32% ] [90m[1mupdate_scripts_classes[22m | FinalOracleConfirmationState[39m[0m
[  33% ] [90m[1mupdate_scripts_classes[22m | FinalOracleSelectionTimer[39m[0m
[  33% ] [90m[1mupdate_scripts_classes[22m | FinalOracleSession[39m[0m
[  33% ] [90m[1mupdate_scripts_classes[22m | IdentityConfirmationState[39m[0m
[  34% ] [90m[1mupdate_scripts_classes[22m | IdentityNameRules[39m[0m
[  34% ] [90m[1mupdate_scripts_classes[22m | LiveSessionData[39m[0m
[  35% ] [90m[1mupdate_scripts_classes[22m | LoserCardCatalog[39m[0m
[  35% ] [90m[1mupdate_scripts_classes[22m | LoserCardData[39m[0m
[  36% ] [90m[1mupdate_scripts_classes[22m | LoserCardProfile[39m[0m
[  36% ] [90m[1mupdate_scripts_classes[22m | RepeatDelayConfig[39m[0m
[  37% ] [90m[1mupdate_scripts_classes[22m | RepeatDelayQueue[39m[0m
[  37% ] [90m[1mupdate_scripts_classes[22m | RepeatGenerationStats[39m[0m
[  38% ] [90m[1mupdate_scripts_classes[22m | RepeatPlan[39m[0m
[  38% ] [90m[1mupdate_scripts_classes[22m | RestSession[39m[0m
[  38% ] [90m[1mupdate_scripts_classes[22m | SaveData[39m[0m
[  39% ] [90m[1mupdate_scripts_classes[22m | [39m[0m
[  39% ] [90m[1mupdate_scripts_classes[22m | ScriptureData[39m[0m
[  40% ] [90m[1mupdate_scripts_classes[22m | ScriptureEntry[39m[0m
[  40% ] [90m[1mupdate_scripts_classes[22m | ScriptureVerseConfig[39m[0m
[  41% ] [90m[1mupdate_scripts_classes[22m | TendencyState[39m[0m
[  41% ] [90m[1mupdate_scripts_classes[22m | EndingJudgementTextConfig[39m[0m
[  42% ] [90m[1mupdate_scripts_classes[22m | EndingMainArtConfig[39m[0m
[  42% ] [90m[1mupdate_scripts_classes[22m | EndingReligionNameConfig[39m[0m
[  42% ] [90m[1mupdate_scripts_classes[22m | IdentityOption[39m[0m
[  43% ] [90m[1mupdate_scripts_classes[22m | IdentityOptions[39m[0m
[  43% ] [90m[1mupdate_scripts_classes[22m | LevelCatalog[39m[0m
[  44% ] [90m[1mupdate_scripts_classes[22m | LevelContradiction[39m[0m
[  44% ] [90m[1mupdate_scripts_classes[22m | LevelProfile[39m[0m
[  45% ] [90m[1mupdate_scripts_classes[22m | LevelRunState[39m[0m
[  45% ] [90m[1mupdate_scripts_classes[22m | LevelSpeech[39m[0m
[  46% ] [90m[1mupdate_scripts_classes[22m | LevelSpeechPool[39m[0m
[  46% ] [90m[1mupdate_scripts_classes[22m | WordPoolInheritanceConfig[39m[0m
[  47% ] [90m[1mupdate_scripts_classes[22m | SandboxBattleConfig[39m[0m
[  47% ] [90m[1mupdate_scripts_classes[22m | PresentationAssetConfig[39m[0m
[  47% ] [90m[1mupdate_scripts_classes[22m | StageLayoutProfile[39m[0m
[  48% ] [90m[1mupdate_scripts_classes[22m | BubbleDialogueConfig[39m[0m
[  48% ] [90m[1mupdate_scripts_classes[22m | BubbleDialogueEntry[39m[0m
[  49% ] [90m[1mupdate_scripts_classes[22m | [39m[0m
[  49% ] [90m[1mupdate_scripts_classes[22m | [39m[0m
[  50% ] [90m[1mupdate_scripts_classes[22m | [39m[0m
[  50% ] [90m[1mupdate_scripts_classes[22m | [39m[0m
[  51% ] [90m[1mupdate_scripts_classes[22m | BarrageArea[39m[0m
[  51% ] [90m[1mupdate_scripts_classes[22m | BarrageCapacityLedger[39m[0m
[  52% ] [90m[1mupdate_scripts_classes[22m | BarrageGlassSurface[39m[0m
[  52% ] [90m[1mupdate_scripts_classes[22m | BarrageRuntimeRecord[39m[0m
[  52% ] [90m[1mupdate_scripts_classes[22m | BarrageView[39m[0m
[  53% ] [90m[1mupdate_scripts_classes[22m | NormalSpeechSelector[39m[0m
[  53% ] [90m[1mupdate_scripts_classes[22m | BarrageTraitResult[39m[0m
[  54% ] [90m[1mupdate_scripts_classes[22m | BarrageTraitSet[39m[0m
[  54% ] [90m[1mupdate_scripts_classes[22m | AimReticle[39m[0m
[  55% ] [90m[1mupdate_scripts_classes[22m | AttackChargeInput[39m[0m
[  55% ] [90m[1mupdate_scripts_classes[22m | AttackChargeProgress[39m[0m
[  56% ] [90m[1mupdate_scripts_classes[22m | AttackTargetSnapshot[39m[0m
[  56% ] [90m[1mupdate_scripts_classes[22m | AttackTimingConfig[39m[0m
[  57% ] [90m[1mupdate_scripts_classes[22m | BarrageAimIntersection[39m[0m
[  57% ] [90m[1mupdate_scripts_classes[22m | MobileAttackInputConfig[39m[0m
[  57% ] [90m[1mupdate_scripts_classes[22m | ContradictionBreakSystem[39m[0m
[  58% ] [90m[1mupdate_scripts_classes[22m | ContradictionWindowConfig[39m[0m
[  58% ] [90m[1mupdate_scripts_classes[22m | StreamerPortraitMotion[39m[0m
[  59% ] [90m[1mupdate_scripts_classes[22m | [39m[0m
[  59% ] [90m[1mupdate_scripts_classes[22m | [39m[0m
[  60% ] [90m[1mupdate_scripts_classes[22m | [39m[0m
[  60% ] [90m[1mupdate_scripts_classes[22m | [39m[0m
[  61% ] [90m[1mupdate_scripts_classes[22m | [39m[0m
[  61% ] [90m[1mupdate_scripts_classes[22m | [39m[0m
[  61% ] [90m[1mupdate_scripts_classes[22m | [39m[0m
[  62% ] [90m[1mupdate_scripts_classes[22m | [39m[0m
[  62% ] [90m[1mupdate_scripts_classes[22m | [39m[0m
[  63% ] [90m[1mupdate_scripts_classes[22m | [39m[0m
[  63% ] [90m[1mupdate_scripts_classes[22m | [39m[0m
[  64% ] [90m[1mupdate_scripts_classes[22m | [39m[0m
[  64% ] [90m[1mupdate_scripts_classes[22m | [39m[0m
[  65% ] [90m[1mupdate_scripts_classes[22m | [39m[0m
[  65% ] [90m[1mupdate_scripts_classes[22m | [39m[0m
[  66% ] [90m[1mupdate_scripts_classes[22m | [39m[0m
[  66% ] [90m[1mupdate_scripts_classes[22m | [39m[0m
[  66% ] [90m[1mupdate_scripts_classes[22m | [39m[0m
[  67% ] [90m[1mupdate_scripts_classes[22m | [39m[0m
[  67% ] [90m[1mupdate_scripts_classes[22m | [39m[0m
[  68% ] [90m[1mupdate_scripts_classes[22m | [39m[0m
[  68% ] [90m[1mupdate_scripts_classes[22m | [39m[0m
[  69% ] [90m[1mupdate_scripts_classes[22m | [39m[0m
[  69% ] [90m[1mupdate_scripts_classes[22m | [39m[0m
[  70% ] [90m[1mupdate_scripts_classes[22m | [39m[0m
[  70% ] [90m[1mupdate_scripts_classes[22m | [39m[0m
[  71% ] [90m[1mupdate_scripts_classes[22m | [39m[0m
[  71% ] [90m[1mupdate_scripts_classes[22m | [39m[0m
[  71% ] [90m[1mupdate_scripts_classes[22m | [39m[0m
[  72% ] [90m[1mupdate_scripts_classes[22m | [39m[0m
[  72% ] [90m[1mupdate_scripts_classes[22m | [39m[0m
[  73% ] [90m[1mupdate_scripts_classes[22m | [39m[0m
[  73% ] [90m[1mupdate_scripts_classes[22m | [39m[0m
[  74% ] [90m[1mupdate_scripts_classes[22m | [39m[0m
[  74% ] [90m[1mupdate_scripts_classes[22m | [39m[0m
[  75% ] [90m[1mupdate_scripts_classes[22m | [39m[0m
[  75% ] [90m[1mupdate_scripts_classes[22m | [39m[0m
[  76% ] [90m[1mupdate_scripts_classes[22m | [39m[0m
[  76% ] [90m[1mupdate_scripts_classes[22m | [39m[0m
[  76% ] [90m[1mupdate_scripts_classes[22m | [39m[0m
[  77% ] [90m[1mupdate_scripts_classes[22m | [39m[0m
[  77% ] [90m[1mupdate_scripts_classes[22m | [39m[0m
[  78% ] [90m[1mupdate_scripts_classes[22m | [39m[0m
[  78% ] [90m[1mupdate_scripts_classes[22m | [39m[0m
[  79% ] [90m[1mupdate_scripts_classes[22m | [39m[0m
[  79% ] [90m[1mupdate_scripts_classes[22m | [39m[0m
[  80% ] [90m[1mupdate_scripts_classes[22m | [39m[0m
[  80% ] [90m[1mupdate_scripts_classes[22m | [39m[0m
[  80% ] [90m[1mupdate_scripts_classes[22m | [39m[0m
[  81% ] [90m[1mupdate_scripts_classes[22m | [39m[0m
[  81% ] [90m[1mupdate_scripts_classes[22m | [39m[0m
[  82% ] [90m[1mupdate_scripts_classes[22m | [39m[0m
[  82% ] [90m[1mupdate_scripts_classes[22m | [39m[0m
[  83% ] [90m[1mupdate_scripts_classes[22m | [39m[0m
[  83% ] [90m[1mupdate_scripts_classes[22m | [39m[0m
[  84% ] [90m[1mupdate_scripts_classes[22m | [39m[0m
[  84% ] [90m[1mupdate_scripts_classes[22m | [39m[0m
[  85% ] [90m[1mupdate_scripts_classes[22m | [39m[0m
[  85% ] [90m[1mupdate_scripts_classes[22m | [39m[0m
[  85% ] [90m[1mupdate_scripts_classes[22m | [39m[0m
[  86% ] [90m[1mupdate_scripts_classes[22m | [39m[0m
[  86% ] [90m[1mupdate_scripts_classes[22m | [39m[0m
[  87% ] [90m[1mupdate_scripts_classes[22m | [39m[0m
[  87% ] [90m[1mupdate_scripts_classes[22m | [39m[0m
[  88% ] [90m[1mupdate_scripts_classes[22m | [39m[0m
[  88% ] [90m[1mupdate_scripts_classes[22m | [39m[0m
[  89% ] [90m[1mupdate_scripts_classes[22m | [39m[0m
[  89% ] [90m[1mupdate_scripts_classes[22m | [39m[0m
[  90% ] [90m[1mupdate_scripts_classes[22m | [39m[0m
[  90% ] [90m[1mupdate_scripts_classes[22m | [39m[0m
[  90% ] [90m[1mupdate_scripts_classes[22m | [39m[0m
[  91% ] [90m[1mupdate_scripts_classes[22m | [39m[0m
[  91% ] [90m[1mupdate_scripts_classes[22m | [39m[0m
[  92% ] [90m[1mupdate_scripts_classes[22m | [39m[0m
[  92% ] [90m[1mupdate_scripts_classes[22m | EndingPage[39m[0m
[  93% ] [90m[1mupdate_scripts_classes[22m | EndingScriptureRow[39m[0m
[  93% ] [90m[1mupdate_scripts_classes[22m | FinalOracleCandidateDisplay[39m[0m
[  94% ] [90m[1mupdate_scripts_classes[22m | [39m[0m
[  94% ] [90m[1mupdate_scripts_classes[22m | [39m[0m
[  95% ] [90m[1mupdate_scripts_classes[22m | [39m[0m
[  95% ] [90m[1mupdate_scripts_classes[22m | [39m[0m
[  95% ] [90m[1mupdate_scripts_classes[22m | [39m[0m
[  96% ] [90m[1mupdate_scripts_classes[22m | LoserCardHistoryRow[39m[0m
[  96% ] [90m[1mupdate_scripts_classes[22m | LoserCardHistoryView[39m[0m
[  97% ] [90m[1mupdate_scripts_classes[22m | [39m[0m
[  97% ] [90m[1mupdate_scripts_classes[22m | RestResultView[39m[0m
[  98% ] [90m[1mupdate_scripts_classes[22m | RestRoomEnvironment[39m[0m
[  98% ] [90m[1mupdate_scripts_classes[22m | ScriptureHistoryView[39m[0m
[  99% ] [90m[1mupdate_scripts_classes[22m | SettingsPanel[39m[0m
[92m[ DONE ][39m [1mupdate_scripts_classes[22m
[0m
[   0% ] [90m[1m_update_scan_actions[22m | Started 正在扫描动作…… (108 steps)[39m[0m
[   0% ] [90m[1m_update_scan_actions[22m | mcp_panel.csv[39m[0m
[   0% ] [90m[1m_update_scan_actions[22m | tool_descriptions.csv[39m[0m
[   1% ] [90m[1m_update_scan_actions[22m | icon.png[39m[0m
[   2% ] [90m[1m_update_scan_actions[22m | icon.svg[39m[0m
[   3% ] [90m[1m_update_scan_actions[22m | confirmation_001.ogg[39m[0m
[   4% ] [90m[1m_update_scan_actions[22m | magical_1.ogg[39m[0m
[   5% ] [90m[1m_update_scan_actions[22m | magical_2.ogg[39m[0m
[   6% ] [90m[1m_update_scan_actions[22m | magical_3.ogg[39m[0m
[   7% ] [90m[1m_update_scan_actions[22m | magical_4.ogg[39m[0m
[   8% ] [90m[1m_update_scan_actions[22m | magical_5.ogg[39m[0m
[   9% ] [90m[1m_update_scan_actions[22m | magical_6.ogg[39m[0m
[  10% ] [90m[1m_update_scan_actions[22m | magical_7.ogg[39m[0m
[  11% ] [90m[1m_update_scan_actions[22m | alien_defeat.png[39m[0m
[  11% ] [90m[1m_update_scan_actions[22m | alien_defeat_transition.png[39m[0m
[  12% ] [90m[1m_update_scan_actions[22m | alien_idle.png[39m[0m
[  13% ] [90m[1m_update_scan_actions[22m | alien_tier_01.png[39m[0m
[  14% ] [90m[1m_update_scan_actions[22m | alien_tier_02.png[39m[0m
[  15% ] [90m[1m_update_scan_actions[22m | alien_tier_03.png[39m[0m
[  16% ] [90m[1m_update_scan_actions[22m | fox_rose_01.png[39m[0m
[  17% ] [90m[1m_update_scan_actions[22m | fox_rose_02.png[39m[0m
[  18% ] [90m[1m_update_scan_actions[22m | fox_rose_03.png[39m[0m
[  19% ] [90m[1m_update_scan_actions[22m | fox_rose_04.png[39m[0m
[  20% ] [90m[1m_update_scan_actions[22m | fox_defeat.png[39m[0m
[  21% ] [90m[1m_update_scan_actions[22m | fox_idle.png[39m[0m
[  22% ] [90m[1m_update_scan_actions[22m | fox_tier_01.png[39m[0m
[  22% ] [90m[1m_update_scan_actions[22m | fox_tier_02.png[39m[0m
[  23% ] [90m[1m_update_scan_actions[22m | fox_tier_03.png[39m[0m
[  24% ] [90m[1m_update_scan_actions[22m | kiwi_defeat.png[39m[0m
[  25% ] [90m[1m_update_scan_actions[22m | kiwi_idle.png[39m[0m
[  26% ] [90m[1m_update_scan_actions[22m | kiwi_tier_01.png[39m[0m
[  27% ] [90m[1m_update_scan_actions[22m | kiwi_tier_02.png[39m[0m
[  28% ] [90m[1m_update_scan_actions[22m | kiwi_tier_03.png[39m[0m
[  29% ] [90m[1m_update_scan_actions[22m | hamster_idle.png[39m[0m
[  30% ] [90m[1m_update_scan_actions[22m | player_live_temp.png[39m[0m
[  31% ] [90m[1m_update_scan_actions[22m | kiwi_room.png[39m[0m
[  32% ] [90m[1m_update_scan_actions[22m | player_room_01.png[39m[0m
[  33% ] [90m[1m_update_scan_actions[22m | player_fan_badge_01.png[39m[0m
[  33% ] [90m[1m_update_scan_actions[22m | player_fan_badge_02.png[39m[0m
[  34% ] [90m[1m_update_scan_actions[22m | player_hit_comic_01.png[39m[0m
[  35% ] [90m[1m_update_scan_actions[22m | pk_bar_neg_01.png[39m[0m
[  36% ] [90m[1m_update_scan_actions[22m | pk_bar_neg_02.png[39m[0m
[  37% ] [90m[1m_update_scan_actions[22m | pk_bar_neg_03.png[39m[0m
[  38% ] [90m[1m_update_scan_actions[22m | pk_bar_neg_04.png[39m[0m
[  39% ] [90m[1m_update_scan_actions[22m | pk_bar_pos_01.png[39m[0m
[  40% ] [90m[1m_update_scan_actions[22m | pk_bar_pos_02.png[39m[0m
[  41% ] [90m[1m_update_scan_actions[22m | pk_bar_pos_03.png[39m[0m
[  42% ] [90m[1m_update_scan_actions[22m | pk_bar_pos_04.png[39m[0m
[  43% ] [90m[1m_update_scan_actions[22m | pk_bar_pos_05.png[39m[0m
[  44% ] [90m[1m_update_scan_actions[22m | pk_bar_pos_06.png[39m[0m
[  44% ] [90m[1m_update_scan_actions[22m | pk_indicator_01.png[39m[0m
[  45% ] [90m[1m_update_scan_actions[22m | pk_indicator_02.png[39m[0m
[  46% ] [90m[1m_update_scan_actions[22m | 01_身份配置.csv[39m[0m
[  47% ] [90m[1m_update_scan_actions[22m | 02_主播关卡.csv[39m[0m
[  48% ] [90m[1m_update_scan_actions[22m | 03_普通词库.csv[39m[0m
[  49% ] [90m[1m_update_scan_actions[22m | 04_矛盾内容.csv[39m[0m
[  50% ] [90m[1m_update_scan_actions[22m | 05_关卡生成.csv[39m[0m
[  51% ] [90m[1m_update_scan_actions[22m | 06_基础参数.csv[39m[0m
[  52% ] [90m[1m_update_scan_actions[22m | 06_战斗数值.csv[39m[0m
[  53% ] [90m[1m_update_scan_actions[22m | 06_生命周期.csv[39m[0m
[  54% ] [90m[1m_update_scan_actions[22m | 07_特性参数.csv[39m[0m
[  55% ] [90m[1m_update_scan_actions[22m | 08_Tier档位.csv[39m[0m
[  55% ] [90m[1m_update_scan_actions[22m | 09_直播数据.csv[39m[0m
[  56% ] [90m[1m_update_scan_actions[22m | 10_复读配置.csv[39m[0m
[  57% ] [90m[1m_update_scan_actions[22m | 11_矛盾参数.csv[39m[0m
[  58% ] [90m[1m_update_scan_actions[22m | 12_神谕参数.csv[39m[0m
[  59% ] [90m[1m_update_scan_actions[22m | 13_吞并奖励.csv[39m[0m
[  60% ] [90m[1m_update_scan_actions[22m | 14_败者卡.csv[39m[0m
[  61% ] [90m[1m_update_scan_actions[22m | 15_神降临.csv[39m[0m
[  62% ] [90m[1m_update_scan_actions[22m | 16_结局配置.csv[39m[0m
[  63% ] [90m[1m_update_scan_actions[22m | 17_音频事件.csv[39m[0m
[  64% ] [90m[1m_update_scan_actions[22m | 18_表现资产.csv[39m[0m
[  65% ] [90m[1m_update_scan_actions[22m | 02_主播关卡.csv[39m[0m
[  66% ] [90m[1m_update_scan_actions[22m | 03_普通词库.csv[39m[0m
[  66% ] [90m[1m_update_scan_actions[22m | 04_矛盾内容.csv[39m[0m
[  67% ] [90m[1m_update_scan_actions[22m | 05_关卡生成.csv[39m[0m
[  68% ] [90m[1m_update_scan_actions[22m | 07_特性参数.csv[39m[0m
[  69% ] [90m[1m_update_scan_actions[22m | 09_直播数据.csv[39m[0m
[  70% ] [90m[1m_update_scan_actions[22m | 10_复读配置.csv[39m[0m
[  71% ] [90m[1m_update_scan_actions[22m | 11_矛盾参数.csv[39m[0m
[  72% ] [90m[1m_update_scan_actions[22m | 12_神谕参数.csv[39m[0m
[  73% ] [90m[1m_update_scan_actions[22m | 13_吞并奖励.csv[39m[0m
[  74% ] [90m[1m_update_scan_actions[22m | 14_败者卡.csv[39m[0m
[  75% ] [90m[1m_update_scan_actions[22m | 15_神降临.csv[39m[0m
[  76% ] [90m[1m_update_scan_actions[22m | 16_结局配置.csv[39m[0m
[  77% ] [90m[1m_update_scan_actions[22m | 17_音频事件.csv[39m[0m
[  77% ] [90m[1m_update_scan_actions[22m | 18_表现资产.csv[39m[0m
[  78% ] [90m[1m_update_scan_actions[22m | CA-14_2026-10-10_overlapped_targets.png[39m[0m
[  79% ] [90m[1m_update_scan_actions[22m | TEST_ONLY_empty_ending.png[39m[0m
[  80% ] [90m[1m_update_scan_actions[22m | TEST_ONLY_graphics.png[39m[0m
[  81% ] [90m[1m_update_scan_actions[22m | TEST_ONLY_emphasis.png[39m[0m
[  82% ] [90m[1m_update_scan_actions[22m | TEST_ONLY_empty_ending.png[39m[0m
[  83% ] [90m[1m_update_scan_actions[22m | TEST_ONLY_main_ending.png[39m[0m
[  84% ] [90m[1m_update_scan_actions[22m | TEST_ONLY_main_full_screen_emphasis.png[39m[0m
[  85% ] [90m[1m_update_scan_actions[22m | TEST_ONLY_main_rest_0.png[39m[0m
[  86% ] [90m[1m_update_scan_actions[22m | TEST_ONLY_opening_room.png[39m[0m
[  87% ] [90m[1m_update_scan_actions[22m | int04_empty_ending.png[39m[0m
[  88% ] [90m[1m_update_scan_actions[22m | int04_main_rest_0.png[39m[0m
[  88% ] [90m[1m_update_scan_actions[22m | pa04_overlap.png[39m[0m
[  89% ] [90m[1m_update_scan_actions[22m | pa04_palette.png[39m[0m
[  90% ] [90m[1m_update_scan_actions[22m | pa04_preview.jpg[39m[0m
[  91% ] [90m[1m_update_scan_actions[22m | pa04_pulse.png[39m[0m
[  92% ] [90m[1m_update_scan_actions[22m | pa04_reset.png[39m[0m
[  93% ] [90m[1m_update_scan_actions[22m | pa08_approved_96x144_detail.jpg[39m[0m
[  94% ] [90m[1m_update_scan_actions[22m | pa08_charging.png[39m[0m
[  95% ] [90m[1m_update_scan_actions[22m | pa08_contact_sheet.jpg[39m[0m
[  96% ] [90m[1m_update_scan_actions[22m | pa08_firing.png[39m[0m
[  97% ] [90m[1m_update_scan_actions[22m | pa08_full.png[39m[0m
[  98% ] [90m[1m_update_scan_actions[22m | pa08_idle.png[39m[0m
[92m[ DONE ][39m [1m_update_scan_actions[22m
[0m
[   0% ] [90m[1mreimport[22m | Started 正在导入或重新导入资产 (106 steps)[39m[0m
[   0% ] [90m[1mreimport[22m | 正在准备重新导入文件……[39m[0m
[   0% ] [90m[1mreimport[22m | 正在准备重新导入文件……[39m[0m
[   1% ] [90m[1mreimport[22m | 正在准备重新导入文件……[39m[0m
[   2% ] [90m[1mreimport[22m | 正在准备重新导入文件……[39m[0m
[   3% ] [90m[1mreimport[22m | 正在准备重新导入文件……[39m[0m
[   4% ] [90m[1mreimport[22m | 正在准备重新导入文件……[39m[0m
[   5% ] [90m[1mreimport[22m | 正在准备重新导入文件……[39m[0m
[   6% ] [90m[1mreimport[22m | 正在准备重新导入文件……[39m[0m
[   7% ] [90m[1mreimport[22m | 正在准备重新导入文件……[39m[0m
[   8% ] [90m[1mreimport[22m | 正在准备重新导入文件……[39m[0m
[   9% ] [90m[1mreimport[22m | 正在准备重新导入文件……[39m[0m
[  10% ] [90m[1mreimport[22m | 正在准备重新导入文件……[39m[0m
[  11% ] [90m[1mreimport[22m | 正在准备重新导入文件……[39m[0m
[  12% ] [90m[1mreimport[22m | 正在准备重新导入文件……[39m[0m
[  13% ] [90m[1mreimport[22m | 正在准备重新导入文件……[39m[0m
[  14% ] [90m[1mreimport[22m | 正在准备重新导入文件……[39m[0m
[  14% ] [90m[1mreimport[22m | 正在准备重新导入文件……[39m[0m
[  15% ] [90m[1mreimport[22m | 正在准备重新导入文件……[39m[0m
[  16% ] [90m[1mreimport[22m | 正在准备重新导入文件……[39m[0m
[  17% ] [90m[1mreimport[22m | 正在准备重新导入文件……[39m[0m
[  18% ] [90m[1mreimport[22m | 正在准备重新导入文件……[39m[0m
[  19% ] [90m[1mreimport[22m | 正在准备重新导入文件……[39m[0m
[  20% ] [90m[1mreimport[22m | 正在准备重新导入文件……[39m[0m
[  21% ] [90m[1mreimport[22m | 正在准备重新导入文件……[39m[0m
[  22% ] [90m[1mreimport[22m | 正在准备重新导入文件……[39m[0m
[  23% ] [90m[1mreimport[22m | 正在准备重新导入文件……[39m[0m
[  24% ] [90m[1mreimport[22m | 正在准备重新导入文件……[39m[0m
[  25% ] [90m[1mreimport[22m | 正在准备重新导入文件……[39m[0m
[  26% ] [90m[1mreimport[22m | 正在准备重新导入文件……[39m[0m
[  27% ] [90m[1mreimport[22m | 正在准备重新导入文件……[39m[0m
[  28% ] [90m[1mreimport[22m | 正在准备重新导入文件……[39m[0m
[  28% ] [90m[1mreimport[22m | 正在准备重新导入文件……[39m[0m
[  29% ] [90m[1mreimport[22m | 正在准备重新导入文件……[39m[0m
[  30% ] [90m[1mreimport[22m | 正在准备重新导入文件……[39m[0m
[  31% ] [90m[1mreimport[22m | 正在准备重新导入文件……[39m[0m
[  32% ] [90m[1mreimport[22m | 正在准备重新导入文件……[39m[0m
[  33% ] [90m[1mreimport[22m | 正在准备重新导入文件……[39m[0m
[  34% ] [90m[1mreimport[22m | 正在准备重新导入文件……[39m[0m
[  35% ] [90m[1mreimport[22m | 正在准备重新导入文件……[39m[0m
[  36% ] [90m[1mreimport[22m | 正在准备重新导入文件……[39m[0m
[  37% ] [90m[1mreimport[22m | 正在准备重新导入文件……[39m[0m
[  38% ] [90m[1mreimport[22m | 正在准备重新导入文件……[39m[0m
[  39% ] [90m[1mreimport[22m | 正在准备重新导入文件……[39m[0m
[  40% ] [90m[1mreimport[22m | 正在准备重新导入文件……[39m[0m
[  41% ] [90m[1mreimport[22m | 正在准备重新导入文件……[39m[0m
[  42% ] [90m[1mreimport[22m | 正在准备重新导入文件……[39m[0m
[  42% ] [90m[1mreimport[22m | 正在准备重新导入文件……[39m[0m
[  43% ] [90m[1mreimport[22m | 正在准备重新导入文件……[39m[0m
[  44% ] [90m[1mreimport[22m | 正在准备重新导入文件……[39m[0m
[  45% ] [90m[1mreimport[22m | 正在准备重新导入文件……[39m[0m
[  46% ] [90m[1mreimport[22m | 正在准备重新导入文件……[39m[0m
[  47% ] [90m[1mreimport[22m | 正在准备重新导入文件……[39m[0m
[  48% ] [90m[1mreimport[22m | 正在准备重新导入文件……[39m[0m
[  49% ] [90m[1mreimport[22m | 正在准备重新导入文件……[39m[0m
[  50% ] [90m[1mreimport[22m | 正在准备重新导入文件……[39m[0m
[  51% ] [90m[1mreimport[22m | 正在准备重新导入文件……[39m[0m
[  52% ] [90m[1mreimport[22m | 正在准备重新导入文件……[39m[0m
[  53% ] [90m[1mreimport[22m | 正在准备重新导入文件……[39m[0m
[  54% ] [90m[1mreimport[22m | 正在准备重新导入文件……[39m[0m
[  55% ] [90m[1mreimport[22m | 正在准备重新导入文件……[39m[0m
[  56% ] [90m[1mreimport[22m | 正在准备重新导入文件……[39m[0m
[  57% ] [90m[1mreimport[22m | 正在准备重新导入文件……[39m[0m
[  57% ] [90m[1mreimport[22m | 正在准备重新导入文件……[39m[0m
[  58% ] [90m[1mreimport[22m | 正在准备重新导入文件……[39m[0m
[  59% ] [90m[1mreimport[22m | 正在准备重新导入文件……[39m[0m
[  60% ] [90m[1mreimport[22m | 正在准备重新导入文件……[39m[0m
[  61% ] [90m[1mreimport[22m | 正在准备重新导入文件……[39m[0m
[  62% ] [90m[1mreimport[22m | 正在准备重新导入文件……[39m[0m
[  63% ] [90m[1mreimport[22m | 正在准备重新导入文件……[39m[0m
[  64% ] [90m[1mreimport[22m | 正在准备重新导入文件……[39m[0m
[  65% ] [90m[1mreimport[22m | 正在准备重新导入文件……[39m[0m
[  66% ] [90m[1mreimport[22m | 正在准备重新导入文件……[39m[0m
[  67% ] [90m[1mreimport[22m | 正在准备重新导入文件……[39m[0m
[  68% ] [90m[1mreimport[22m | 正在准备重新导入文件……[39m[0m
[  69% ] [90m[1mreimport[22m | 正在准备重新导入文件……[39m[0m
[  70% ] [90m[1mreimport[22m | 正在准备重新导入文件……[39m[0m
[  71% ] [90m[1mreimport[22m | 正在准备重新导入文件……[39m[0m
[  71% ] [90m[1mreimport[22m | 正在准备重新导入文件……[39m[0m
[  72% ] [90m[1mreimport[22m | 正在准备重新导入文件……[39m[0m
[  73% ] [90m[1mreimport[22m | 正在准备重新导入文件……[39m[0m
[  74% ] [90m[1mreimport[22m | 正在准备重新导入文件……[39m[0m
[  75% ] [90m[1mreimport[22m | 正在准备重新导入文件……[39m[0m
[  76% ] [90m[1mreimport[22m | 正在准备重新导入文件……[39m[0m
[  77% ] [90m[1mreimport[22m | 正在准备重新导入文件……[39m[0m
[  78% ] [90m[1mreimport[22m | 正在准备重新导入文件……[39m[0m
[  79% ] [90m[1mreimport[22m | 正在准备重新导入文件……[39m[0m
[  80% ] [90m[1mreimport[22m | 正在准备重新导入文件……[39m[0m
[  81% ] [90m[1mreimport[22m | 正在准备重新导入文件……[39m[0m
[  82% ] [90m[1mreimport[22m | 正在准备重新导入文件……[39m[0m
[  83% ] [90m[1mreimport[22m | 正在准备重新导入文件……[39m[0m
[  84% ] [90m[1mreimport[22m | 正在准备重新导入文件……[39m[0m
[  85% ] [90m[1mreimport[22m | 正在准备重新导入文件……[39m[0m
[  85% ] [90m[1mreimport[22m | 正在准备重新导入文件……[39m[0m
[  86% ] [90m[1mreimport[22m | 正在准备重新导入文件……[39m[0m
[  87% ] [90m[1mreimport[22m | 正在准备重新导入文件……[39m[0m
[  88% ] [90m[1mreimport[22m | 正在准备重新导入文件……[39m[0m
[  89% ] [90m[1mreimport[22m | 正在准备重新导入文件……[39m[0m
[  90% ] [90m[1mreimport[22m | 正在准备重新导入文件……[39m[0m
[  91% ] [90m[1mreimport[22m | 正在准备重新导入文件……[39m[0m
[  92% ] [90m[1mreimport[22m | 正在准备重新导入文件……[39m[0m
[  93% ] [90m[1mreimport[22m | 正在准备重新导入文件……[39m[0m
[  94% ] [90m[1mreimport[22m | 正在准备重新导入文件……[39m[0m
[  95% ] [90m[1mreimport[22m | 正在准备重新导入文件……[39m[0m
[  96% ] [90m[1mreimport[22m | 正在准备重新导入文件……[39m[0m
[  97% ] [90m[1mreimport[22m | 正在准备重新导入文件……[39m[0m
[  98% ] [90m[1mreimport[22m | 正在准备重新导入文件……[39m[0m
[   0% ] [90m[1mreimport[22m | 正在执行重新导入的前置操作……[39m[0m
[   0% ] [90m[1mreimport[22m | 15_神降临.csv[39m[0m
[   0% ] [90m[1mreimport[22m | 15_神降临.csv[39m[0m
[   0% ] [90m[1mreimport[22m | 14_败者卡.csv[39m[0m
[   1% ] [90m[1mreimport[22m | 13_吞并奖励.csv[39m[0m
[   2% ] [90m[1mreimport[22m | 12_神谕参数.csv[39m[0m
[   3% ] [90m[1mreimport[22m | 11_矛盾参数.csv[39m[0m
[   4% ] [90m[1mreimport[22m | 10_复读配置.csv[39m[0m
[   5% ] [90m[1mreimport[22m | 09_直播数据.csv[39m[0m
[   6% ] [90m[1mreimport[22m | 07_特性参数.csv[39m[0m
[   7% ] [90m[1mreimport[22m | 05_关卡生成.csv[39m[0m
[   8% ] [90m[1mreimport[22m | 04_矛盾内容.csv[39m[0m
[   9% ] [90m[1mreimport[22m | 03_普通词库.csv[39m[0m
[  10% ] [90m[1mreimport[22m | 02_主播关卡.csv[39m[0m
[  11% ] [90m[1mreimport[22m | 18_表现资产.csv[39m[0m
[  12% ] [90m[1mreimport[22m | 17_音频事件.csv[39m[0m
[  13% ] [90m[1mreimport[22m | 16_结局配置.csv[39m[0m
[  14% ] [90m[1mreimport[22m | 15_神降临.csv[39m[0m
[  14% ] [90m[1mreimport[22m | 01_身份配置.csv[39m[0m
[  15% ] [90m[1mreimport[22m | 02_主播关卡.csv[39m[0m
[  16% ] [90m[1mreimport[22m | 03_普通词库.csv[39m[0m
[  17% ] [90m[1mreimport[22m | 04_矛盾内容.csv[39m[0m
[  18% ] [90m[1mreimport[22m | 05_关卡生成.csv[39m[0m
[  19% ] [90m[1mreimport[22m | 06_基础参数.csv[39m[0m
[  20% ] [90m[1mreimport[22m | 06_战斗数值.csv[39m[0m
[  21% ] [90m[1mreimport[22m | 06_生命周期.csv[39m[0m
[  22% ] [90m[1mreimport[22m | 07_特性参数.csv[39m[0m
[  23% ] [90m[1mreimport[22m | 08_Tier档位.csv[39m[0m
[  24% ] [90m[1mreimport[22m | 09_直播数据.csv[39m[0m
[  25% ] [90m[1mreimport[22m | 10_复读配置.csv[39m[0m
[  26% ] [90m[1mreimport[22m | 11_矛盾参数.csv[39m[0m
[  27% ] [90m[1mreimport[22m | 12_神谕参数.csv[39m[0m
[  28% ] [90m[1mreimport[22m | 13_吞并奖励.csv[39m[0m
[  28% ] [90m[1mreimport[22m | 14_败者卡.csv[39m[0m
[  29% ] [90m[1mreimport[22m | 16_结局配置.csv[39m[0m
[  30% ] [90m[1mreimport[22m | 17_音频事件.csv[39m[0m
[  31% ] [90m[1mreimport[22m | 18_表现资产.csv[39m[0m
[  32% ] [90m[1mreimport[22m | 15_神降临.csv[39m[0m
[  33% ] [90m[1mreimport[22m | 14_败者卡.csv[39m[0m
[  34% ] [90m[1mreimport[22m | 13_吞并奖励.csv[39m[0m
[  35% ] [90m[1mreimport[22m | 12_神谕参数.csv[39m[0m
[  36% ] [90m[1mreimport[22m | 11_矛盾参数.csv[39m[0m
[  37% ] [90m[1mreimport[22m | 10_复读配置.csv[39m[0m
[  38% ] [90m[1mreimport[22m | 09_直播数据.csv[39m[0m
[  39% ] [90m[1mreimport[22m | 07_特性参数.csv[39m[0m
[  40% ] [90m[1mreimport[22m | 15_神降临.csv[39m[0m
[  41% ] [90m[1mreimport[22m | 14_败者卡.csv[39m[0m
[  42% ] [90m[1mreimport[22m | 13_吞并奖励.csv[39m[0m
[  42% ] [90m[1mreimport[22m | 12_神谕参数.csv[39m[0m
[  43% ] [90m[1mreimport[22m | 11_矛盾参数.csv[39m[0m
[  44% ] [90m[1mreimport[22m | 10_复读配置.csv[39m[0m
[  45% ] [90m[1mreimport[22m | 09_直播数据.csv[39m[0m
[  46% ] [90m[1mreimport[22m | 07_特性参数.csv[39m[0m
[  47% ] [90m[1mreimport[22m | 05_关卡生成.csv[39m[0m
[  48% ] [90m[1mreimport[22m | 04_矛盾内容.csv[39m[0m
[  49% ] [90m[1mreimport[22m | 03_普通词库.csv[39m[0m
[  50% ] [90m[1mreimport[22m | 02_主播关卡.csv[39m[0m
[  51% ] [90m[1mreimport[22m | 18_表现资产.csv[39m[0m
[  52% ] [90m[1mreimport[22m | 17_音频事件.csv[39m[0m
[  53% ] [90m[1mreimport[22m | 16_结局配置.csv[39m[0m
[  54% ] [90m[1mreimport[22m | 15_神降临.csv[39m[0m
[  55% ] [90m[1mreimport[22m | 01_身份配置.csv[39m[0m
[  56% ] [90m[1mreimport[22m | 02_主播关卡.csv[39m[0m
[  57% ] [90m[1mreimport[22m | 03_普通词库.csv[39m[0m
[  57% ] [90m[1mreimport[22m | 04_矛盾内容.csv[39m[0m
[  58% ] [90m[1mreimport[22m | 05_关卡生成.csv[39m[0m
[  59% ] [90m[1mreimport[22m | 06_基础参数.csv[39m[0m
[  60% ] [90m[1mreimport[22m | 06_战斗数值.csv[39m[0m
[  61% ] [90m[1mreimport[22m | 06_生命周期.csv[39m[0m
[  62% ] [90m[1mreimport[22m | 07_特性参数.csv[39m[0m
[  63% ] [90m[1mreimport[22m | 08_Tier档位.csv[39m[0m
[  64% ] [90m[1mreimport[22m | 09_直播数据.csv[39m[0m
[  65% ] [90m[1mreimport[22m | 10_复读配置.csv[39m[0m
[  66% ] [90m[1mreimport[22m | 11_矛盾参数.csv[39m[0m
[  67% ] [90m[1mreimport[22m | 12_神谕参数.csv[39m[0m
[  68% ] [90m[1mreimport[22m | 13_吞并奖励.csv[39m[0m
[  69% ] [90m[1mreimport[22m | 14_败者卡.csv[39m[0m
[  70% ] [90m[1mreimport[22m | 16_结局配置.csv[39m[0m
[  71% ] [90m[1mreimport[22m | 17_音频事件.csv[39m[0m
[  71% ] [90m[1mreimport[22m | 18_表现资产.csv[39m[0m
[  72% ] [90m[1mreimport[22m | magical_7.ogg[39m[0m
[  73% ] [90m[1mreimport[22m | magical_6.ogg[39m[0m
[  74% ] [90m[1mreimport[22m | magical_5.ogg[39m[0m
[  75% ] [90m[1mreimport[22m | magical_4.ogg[39m[0m
[  76% ] [90m[1mreimport[22m | magical_3.ogg[39m[0m
[  77% ] [90m[1mreimport[22m | magical_2.ogg[39m[0m
[  78% ] [90m[1mreimport[22m | magical_1.ogg[39m[0m
[  79% ] [90m[1mreimport[22m | confirmation_001.ogg[39m[0m
[  80% ] [90m[1mreimport[22m | pa08_full.png[39m[0m
[  81% ] [90m[1mreimport[22m | pa08_idle.png[39m[0m
[  82% ] [90m[1mreimport[22m | pa08_firing.png[39m[0m
[  83% ] [90m[1mreimport[22m | pa08_contact_sheet.jpg[39m[0m
[  84% ] [90m[1mreimport[22m | pa08_charging.png[39m[0m
[  85% ] [90m[1mreimport[22m | pa08_approved_96x144_detail.jpg[39m[0m
[  85% ] [90m[1mreimport[22m | pa04_reset.png[39m[0m
[  86% ] [90m[1mreimport[22m | pa04_pulse.png[39m[0m
[  87% ] [90m[1mreimport[22m | pa04_preview.jpg[39m[0m
[  88% ] [90m[1mreimport[22m | pa04_palette.png[39m[0m
[  89% ] [90m[1mreimport[22m | pa04_overlap.png[39m[0m
[  90% ] [90m[1mreimport[22m | int04_main_rest_0.png[39m[0m
[  91% ] [90m[1mreimport[22m | int04_empty_ending.png[39m[0m
[  92% ] [90m[1mreimport[22m | TEST_ONLY_opening_room.png[39m[0m
[  93% ] [90m[1mreimport[22m | TEST_ONLY_main_rest_0.png[39m[0m
[  94% ] [90m[1mreimport[22m | TEST_ONLY_main_full_screen_emphasis.png[39m[0m
[  95% ] [90m[1mreimport[22m | TEST_ONLY_main_ending.png[39m[0m
[  96% ] [90m[1mreimport[22m | TEST_ONLY_empty_ending.png[39m[0m
[  97% ] [90m[1mreimport[22m | TEST_ONLY_emphasis.png[39m[0m
[  98% ] [90m[1mreimport[22m | TEST_ONLY_graphics.png[39m[0m
[  98% ] [90m[1mreimport[22m | TEST_ONLY_graphics.png[39m[0m
[  98% ] [90m[1mreimport[22m | TEST_ONLY_graphics.png[39m[0m
[  98% ] [90m[1mreimport[22m | TEST_ONLY_graphics.png[39m[0m
[  98% ] [90m[1mreimport[22m | TEST_ONLY_graphics.png[39m[0m
[  99% ] [90m[1mreimport[22m | 正在结束资产导入……[39m[0m
[92m[ DONE ][39m [1mreimport[22m
[0m
[   0% ] [90m[1mreimport[22m | Started 正在导入或重新导入资产 (106 steps)[39m[0m
[   0% ] [90m[1mreimport[22m | 正在执行重新导入的后置操作……[39m[0m
[92m[ DONE ][39m [1mreimport[22m
[0m
[   0% ] [90m[1mloading_editor_layout[22m | Started 正在加载编辑器 (5 steps)[39m[0m
[   0% ] [90m[1mloading_editor_layout[22m | 正在加载编辑器布局……[39m[0m
[  16% ] [90m[1mloading_editor_layout[22m | 正在加载停靠面板……[39m[0m
[92m[ DONE ][39m [1mloading_editor_layout[22m
[0m
